<?xml version="1.0" encoding="utf-8"?>
<CoverageSession xmlns:xsd="http://www.w3.org/2001/XMLSchema" xmlns:xsi="http://www.w3.org/2001/XMLSchema-instance">
  <Summary numSequencePoints="23" visitedSequencePoints="11" numBranchPoints="4" visitedBranchPoints="3" sequenceCoverage="47.83" branchCoverage="75" maxCyclomaticComplexity="1" minCyclomaticComplexity="1" visitedClasses="1" numClasses="2" visitedMethods="3" numMethods="4" />
  <Modules>
    <Module skippedDueTo="Filter" hash="7F-4E-EA-3B-6F-54-D3-91-5E-FE-62-68-9E-42-98-12-3C-7D-D8-12">
      <ModulePath>C:\WINDOWS\Microsoft.Net\assembly\GAC_64\mscorlib\v4.0_4.0.0.0__b77a5c561934e089\mscorlib.dll</ModulePath>
      <ModuleTime>2016-07-16T11:43:57.1242712Z</ModuleTime>
      <ModuleName>mscorlib</ModuleName>
      <Classes />

</Module>
    <Module skippedDueTo="Filter" hash="39-01-E2-5F-71-5D-AA-51-23-80-49-62-A8-D8-8C-FC-B6-EA-77-FC">
      <ModulePath>D:\ForCvent\ALM\ALM_POC\packages\NUnit.ConsoleRunner.3.4.1\tools\nunit3-console.exe</ModulePath>
      <ModuleTime>2016-06-30T06:30:20Z</ModuleTime>
      <ModuleName>nunit3-console</ModuleName>
      <Classes />
    </Module>
    <Module skippedDueTo="Filter" hash="2F-06-CB-9E-45-EB-3F-7A-7A-0E-09-BA-75-25-0C-EF-AA-90-8E-2B">
      <ModulePath>C:\WINDOWS\Microsoft.Net\assembly\GAC_MSIL\System\v4.0_4.0.0.0__b77a5c561934e089\System.dll</ModulePath>
      <ModuleTime>2016-07-16T11:43:55.5461496Z</ModuleTime>
      <ModuleName>System</ModuleName>
      <Classes />
    </Module>
    <Module skippedDueTo="Filter" hash="74-2B-31-4F-BD-7B-73-76-C0-30-AC-55-12-B1-7E-9C-10-8C-C8-34">
      <ModulePath>D:\ForCvent\ALM\ALM_POC\packages\NUnit.ConsoleRunner.3.4.1\tools\nunit.engine.api.dll</ModulePath>
      <ModuleTime>2016-06-30T06:30:20Z</ModuleTime>
      <ModuleName>nunit.engine.api</ModuleName>
      <Classes />
    </Module>
    <Module skippedDueTo="Filter" hash="E0-10-22-20-83-E1-A8-7F-08-F6-48-67-DF-02-4E-03-1C-34-D1-0C">
      <ModulePath>D:\ForCvent\ALM\ALM_POC\packages\NUnit.ConsoleRunner.3.4.1\tools\nunit.engine.dll</ModulePath>
      <ModuleTime>2016-06-30T06:30:20Z</ModuleTime>
      <ModuleName>nunit.engine</ModuleName>
      <Classes />
    </Module>
    <Module skippedDueTo="Filter" hash="E0-10-22-20-83-E1-A8-7F-08-F6-48-67-DF-02-4E-03-1C-34-D1-0C">
      <ModulePath>D:\ForCvent\ALM\ALM_POC\packages\NUnit.ConsoleRunner.3.4.1\tools\nunit.engine.dll</ModulePath>
      <ModuleTime>2016-06-30T06:30:20Z</ModuleTime>
      <ModuleName>nunit.engine</ModuleName>
      <Classes />
    </Module>
    <Module skippedDueTo="Filter" hash="88-45-F0-9C-3C-9F-72-79-CB-6A-82-FA-D7-DB-C3-4A-59-80-3C-6B">
      <ModulePath>C:\WINDOWS\Microsoft.Net\assembly\GAC_MSIL\System.Xml\v4.0_4.0.0.0__b77a5c561934e089\System.Xml.dll</ModulePath>
      <ModuleTime>2016-07-16T11:43:55.4992744Z</ModuleTime>
      <ModuleName>System.Xml</ModuleName>
      <Classes />
    </Module>
    <Module skippedDueTo="Filter" hash="55-AD-EE-D1-1C-53-49-75-E3-88-58-79-CF-B4-C2-5D-9B-C6-56-C1">
      <ModulePath>C:\WINDOWS\Microsoft.Net\assembly\GAC_64\System.Web\v4.0_4.0.0.0__b03f5f7f11d50a3a\System.Web.dll</ModulePath>
      <ModuleTime>2016-07-16T11:43:59.421142Z</ModuleTime>
      <ModuleName>System.Web</ModuleName>
      <Classes />
    </Module>
    <Module skippedDueTo="Filter" hash="8A-2E-8F-D6-9D-39-02-4A-2F-30-FC-06-42-F7-0F-A8-32-69-07-72">
      <ModulePath>D:\ForCvent\ALM\ALM_POC\packages\NUnit.ConsoleRunner.3.4.1\tools\Mono.Cecil.dll</ModulePath>
      <ModuleTime>2016-06-30T06:30:20Z</ModuleTime>
      <ModuleName>Mono.Cecil</ModuleName>
      <Classes />
    </Module>
    <Module skippedDueTo="Filter" hash="A6-44-D7-5C-2C-AA-24-6D-2E-64-A4-48-13-C2-22-F5-E4-2D-CE-96">
      <ModulePath>C:\WINDOWS\Microsoft.Net\assembly\GAC_MSIL\System.Runtime.Remoting\v4.0_4.0.0.0__b77a5c561934e089\System.Runtime.Remoting.dll</ModulePath>
      <ModuleTime>2016-07-16T11:43:55.4680251Z</ModuleTime>
      <ModuleName>System.Runtime.Remoting</ModuleName>
      <Classes />
    </Module>
    <Module skippedDueTo="Filter" hash="34-A3-5D-67-8E-E7-DB-60-FE-97-F3-BD-D4-E7-40-6B-00-DA-51-C8">
      <ModulePath>C:\WINDOWS\Microsoft.Net\assembly\GAC_MSIL\System.Configuration\v4.0_4.0.0.0__b03f5f7f11d50a3a\System.Configuration.dll</ModulePath>
      <ModuleTime>2016-07-16T11:43:53.9992781Z</ModuleTime>
      <ModuleName>System.Configuration</ModuleName>
      <Classes />
    </Module>
    <Module skippedDueTo="Filter" hash="7F-4E-EA-3B-6F-54-D3-91-5E-FE-62-68-9E-42-98-12-3C-7D-D8-12">
      <ModulePath>C:\WINDOWS\Microsoft.Net\assembly\GAC_64\mscorlib\v4.0_4.0.0.0__b77a5c561934e089\mscorlib.dll</ModulePath>
      <ModuleTime>2016-07-16T11:43:57.1242712Z</ModuleTime>
      <ModuleName>mscorlib</ModuleName>
      <Classes />
    </Module>
    <Module skippedDueTo="Filter" hash="C5-64-F5-71-74-53-B1-B1-DC-01-96-83-7A-10-83-5D-E8-5B-E1-ED">
      <ModulePath>D:\ForCvent\ALM\ALM_POC\packages\NUnit.ConsoleRunner.3.4.1\tools\nunit-agent.exe</ModulePath>
      <ModuleTime>2016-06-30T06:30:20Z</ModuleTime>
      <ModuleName>nunit-agent</ModuleName>
      <Classes />
    </Module>
    <Module skippedDueTo="Filter" hash="E0-10-22-20-83-E1-A8-7F-08-F6-48-67-DF-02-4E-03-1C-34-D1-0C">
      <ModulePath>D:\ForCvent\ALM\ALM_POC\packages\NUnit.ConsoleRunner.3.4.1\tools\nunit.engine.dll</ModulePath>
      <ModuleTime>2016-06-30T06:30:20Z</ModuleTime>
      <ModuleName>nunit.engine</ModuleName>
      <Classes />
    </Module>
    <Module skippedDueTo="Filter" hash="74-2B-31-4F-BD-7B-73-76-C0-30-AC-55-12-B1-7E-9C-10-8C-C8-34">
      <ModulePath>D:\ForCvent\ALM\ALM_POC\packages\NUnit.ConsoleRunner.3.4.1\tools\nunit.engine.api.dll</ModulePath>
      <ModuleTime>2016-06-30T06:30:20Z</ModuleTime>
      <ModuleName>nunit.engine.api</ModuleName>
      <Classes />
    </Module>
    <Module skippedDueTo="Filter" hash="2F-06-CB-9E-45-EB-3F-7A-7A-0E-09-BA-75-25-0C-EF-AA-90-8E-2B">
      <ModulePath>C:\WINDOWS\Microsoft.Net\assembly\GAC_MSIL\System\v4.0_4.0.0.0__b77a5c561934e089\System.dll</ModulePath>
      <ModuleTime>2016-07-16T11:43:55.5461496Z</ModuleTime>
      <ModuleName>System</ModuleName>
      <Classes />
    </Module>
    <Module skippedDueTo="Filter" hash="A6-44-D7-5C-2C-AA-24-6D-2E-64-A4-48-13-C2-22-F5-E4-2D-CE-96">
      <ModulePath>C:\WINDOWS\Microsoft.Net\assembly\GAC_MSIL\System.Runtime.Remoting\v4.0_4.0.0.0__b77a5c561934e089\System.Runtime.Remoting.dll</ModulePath>
      <ModuleTime>2016-07-16T11:43:55.4680251Z</ModuleTime>
      <ModuleName>System.Runtime.Remoting</ModuleName>
      <Classes />
    </Module>
    <Module skippedDueTo="Filter" hash="88-45-F0-9C-3C-9F-72-79-CB-6A-82-FA-D7-DB-C3-4A-59-80-3C-6B">
      <ModulePath>C:\WINDOWS\Microsoft.Net\assembly\GAC_MSIL\System.Xml\v4.0_4.0.0.0__b77a5c561934e089\System.Xml.dll</ModulePath>
      <ModuleTime>2016-07-16T11:43:55.4992744Z</ModuleTime>
      <ModuleName>System.Xml</ModuleName>
      <Classes />
    </Module>
    <Module skippedDueTo="Filter" hash="55-AD-EE-D1-1C-53-49-75-E3-88-58-79-CF-B4-C2-5D-9B-C6-56-C1">
      <ModulePath>C:\WINDOWS\Microsoft.Net\assembly\GAC_64\System.Web\v4.0_4.0.0.0__b03f5f7f11d50a3a\System.Web.dll</ModulePath>
      <ModuleTime>2016-07-16T11:43:59.421142Z</ModuleTime>
      <ModuleName>System.Web</ModuleName>
      <Classes />
    </Module>
    <Module skippedDueTo="Filter" hash="8A-2E-8F-D6-9D-39-02-4A-2F-30-FC-06-42-F7-0F-A8-32-69-07-72">
      <ModulePath>D:\ForCvent\ALM\ALM_POC\packages\NUnit.ConsoleRunner.3.4.1\tools\Mono.Cecil.dll</ModulePath>
      <ModuleTime>2016-06-30T06:30:20Z</ModuleTime>
      <ModuleName>Mono.Cecil</ModuleName>
      <Classes />
    </Module>
    <Module skippedDueTo="Filter" hash="34-A3-5D-67-8E-E7-DB-60-FE-97-F3-BD-D4-E7-40-6B-00-DA-51-C8">
      <ModulePath>C:\WINDOWS\Microsoft.Net\assembly\GAC_MSIL\System.Configuration\v4.0_4.0.0.0__b03f5f7f11d50a3a\System.Configuration.dll</ModulePath>
      <ModuleTime>2016-07-16T11:43:53.9992781Z</ModuleTime>
      <ModuleName>System.Configuration</ModuleName>
      <Classes />
    </Module>
    <Module skippedDueTo="Filter" hash="16-21-71-7F-B6-D2-94-AE-3B-13-A0-FD-1E-B3-D0-76-DC-B0-DA-7B">
      <ModulePath>D:\ForCvent\ALM\ALM_POC\UnitTestProject.Test\bin\Debug\nunit.framework.dll</ModulePath>
      <ModuleTime>2016-06-30T06:30:16Z</ModuleTime>
      <ModuleName>nunit.framework</ModuleName>
      <Classes />
    </Module>
    <Module skippedDueTo="Filter" hash="2F-06-CB-9E-45-EB-3F-7A-7A-0E-09-BA-75-25-0C-EF-AA-90-8E-2B">
      <ModulePath>C:\WINDOWS\Microsoft.Net\assembly\GAC_MSIL\System\v4.0_4.0.0.0__b77a5c561934e089\System.dll</ModulePath>
      <ModuleTime>2016-07-16T11:43:55.5461496Z</ModuleTime>
      <ModuleName>System</ModuleName>
      <Classes />
    </Module>
    <Module skippedDueTo="Filter" hash="E5-DE-BE-E6-36-3A-18-9D-19-75-10-62-04-4B-5A-43-5C-48-C4-34">
      <ModulePath>C:\WINDOWS\Microsoft.Net\assembly\GAC_MSIL\System.Core\v4.0_4.0.0.0__b77a5c561934e089\System.Core.dll</ModulePath>
      <ModuleTime>2016-07-16T11:43:57.1711464Z</ModuleTime>
      <ModuleName>System.Core</ModuleName>
      <Classes />
    </Module>
    <Module skippedDueTo="Filter" hash="E0-10-22-20-83-E1-A8-7F-08-F6-48-67-DF-02-4E-03-1C-34-D1-0C">
      <ModulePath>D:\ForCvent\ALM\ALM_POC\UnitTestProject.Test\bin\Debug\nunit.engine.dll</ModulePath>
      <ModuleTime>2016-06-30T06:30:22Z</ModuleTime>
      <ModuleName>nunit.engine</ModuleName>
      <Classes />
    </Module>
    <Module skippedDueTo="Filter" hash="55-AD-EE-D1-1C-53-49-75-E3-88-58-79-CF-B4-C2-5D-9B-C6-56-C1">
      <ModulePath>C:\WINDOWS\Microsoft.Net\assembly\GAC_64\System.Web\v4.0_4.0.0.0__b03f5f7f11d50a3a\System.Web.dll</ModulePath>
      <ModuleTime>2016-07-16T11:43:59.421142Z</ModuleTime>
      <ModuleName>System.Web</ModuleName>
      <Classes />
    </Module>
    <Module skippedDueTo="Filter" hash="BE-6E-CF-8D-18-C1-8B-9D-1F-9A-96-AD-02-E8-CC-6E-22-5C-1D-1D">
      <ModulePath>D:\ForCvent\ALM\ALM_POC\UnitTestProject.Test\bin\Debug\UnitTestProject.Test.dll</ModulePath>
      <ModuleTime>2017-01-05T10:55:35.4469379Z</ModuleTime>
      <ModuleName>UnitTestProject.Test</ModuleName>
      <Classes />
    </Module>
    <Module skippedDueTo="Filter" hash="88-45-F0-9C-3C-9F-72-79-CB-6A-82-FA-D7-DB-C3-4A-59-80-3C-6B">
      <ModulePath>C:\WINDOWS\Microsoft.Net\assembly\GAC_MSIL\System.Xml\v4.0_4.0.0.0__b77a5c561934e089\System.Xml.dll</ModulePath>
      <ModuleTime>2016-07-16T11:43:55.4992744Z</ModuleTime>
      <ModuleName>System.Xml</ModuleName>
      <Classes />
    </Module>
    <Module hash="2A-EF-BE-4C-C4-49-DF-12-20-62-75-02-1D-98-12-6A-69-7C-61-EF">
      <Summary numSequencePoints="23" visitedSequencePoints="11" numBranchPoints="4" visitedBranchPoints="3" sequenceCoverage="47.83" branchCoverage="75" maxCyclomaticComplexity="1" minCyclomaticComplexity="1" visitedClasses="1" numClasses="2" visitedMethods="3" numMethods="4" />
      <ModulePath>D:\ForCvent\ALM\ALM_POC\UnitTestProject.Test\bin\Debug\TestProject.exe</ModulePath>
      <ModuleTime>2016-12-06T08:59:01.5362465Z</ModuleTime>
      <ModuleName>TestProject</ModuleName>
      <Files>
        <File uid="1" fullPath="D:\ForCvent\ALM\ALM_POC\TestProject\Program.cs" />
      </Files>
      <Classes>
        <Class>
          <Summary numSequencePoints="0" visitedSequencePoints="0" numBranchPoints="0" visitedBranchPoints="0" sequenceCoverage="0" branchCoverage="0" maxCyclomaticComplexity="0" minCyclomaticComplexity="0" visitedClasses="0" numClasses="0" visitedMethods="0" numMethods="0" />
          <FullName>&lt;Module&gt;</FullName>
          <Methods />
        </Class>
        <Class>
          <Summary numSequencePoints="12" visitedSequencePoints="0" numBranchPoints="1" visitedBranchPoints="0" sequenceCoverage="0" branchCoverage="0" maxCyclomaticComplexity="1" minCyclomaticComplexity="1" visitedClasses="0" numClasses="1" visitedMethods="0" numMethods="1" />
          <FullName>TestProject.Program</FullName>
          <Methods>
            <Method visited="false" cyclomaticComplexity="1" nPathComplexity="0" sequenceCoverage="0" branchCoverage="0" isConstructor="false" isStatic="true" isGetter="false" isSetter="false">
              <Summary numSequencePoints="12" visitedSequencePoints="0" numBranchPoints="1" visitedBranchPoints="0" sequenceCoverage="0" branchCoverage="0" maxCyclomaticComplexity="1" minCyclomaticComplexity="1" visitedClasses="0" numClasses="0" visitedMethods="0" numMethods="1" />
              <MetadataToken>100663297</MetadataToken>
              <Name>System.Void TestProject.Program::Main(System.String[])</Name>
              <FileRef uid="1" />
              <SequencePoints>
                <SequencePoint vc="0" uspid="1" ordinal="0" offset="0" sl="8" sc="9" el="8" ec="10" bec="0" bev="0" fileid="1" />
                <SequencePoint vc="0" uspid="2" ordinal="1" offset="1" sl="9" sc="13" el="9" ec="54" bec="0" bev="0" fileid="1" />
                <SequencePoint vc="0" uspid="3" ordinal="2" offset="12" sl="12" sc="13" el="12" ec="53" bec="0" bev="0" fileid="1" />
                <SequencePoint vc="0" uspid="4" ordinal="3" offset="23" sl="13" sc="13" el="13" ec="53" bec="0" bev="0" fileid="1" />
                <SequencePoint vc="0" uspid="5" ordinal="4" offset="34" sl="15" sc="13" el="15" ec="52" bec="0" bev="0" fileid="1" />
                <SequencePoint vc="0" uspid="6" ordinal="5" offset="40" sl="16" sc="13" el="16" ec="50" bec="0" bev="0" fileid="1" />
                <SequencePoint vc="0" uspid="7" ordinal="6" offset="49" sl="17" sc="13" el="18" ec="49" bec="0" bev="0" fileid="1" />
                <SequencePoint vc="0" uspid="8" ordinal="7" offset="117" sl="19" sc="13" el="19" ec="31" bec="0" bev="0" fileid="1" />
                <SequencePoint vc="0" uspid="9" ordinal="8" offset="123" sl="20" sc="13" el="20" ec="55" bec="0" bev="0" fileid="1" />
                <SequencePoint vc="0" uspid="10" ordinal="9" offset="133" sl="21" sc="13" el="22" ec="61" bec="0" bev="0" fileid="1" />
                <SequencePoint vc="0" uspid="11" ordinal="10" offset="202" sl="23" sc="13" el="23" ec="31" bec="0" bev="0" fileid="1" />
                <SequencePoint vc="0" uspid="12" ordinal="11" offset="208" sl="24" sc="9" el="24" ec="10" bec="0" bev="0" fileid="1" />
              </SequencePoints>
              <BranchPoints />
              <MethodPoint xsi:type="SequencePoint" vc="0" uspid="1" ordinal="0" offset="0" sl="8" sc="9" el="8" ec="10" bec="0" bev="0" fileid="1" />
            </Method>
            <Method visited="false" cyclomaticComplexity="1" nPathComplexity="0" sequenceCoverage="0" branchCoverage="0" isConstructor="true" isStatic="false" isGetter="false" isSetter="false">
              <Summary numSequencePoints="0" visitedSequencePoints="0" numBranchPoints="0" visitedBranchPoints="0" sequenceCoverage="0" branchCoverage="0" maxCyclomaticComplexity="1" minCyclomaticComplexity="1" visitedClasses="0" numClasses="0" visitedMethods="0" numMethods="0" />
              <MetadataToken>100663298</MetadataToken>
              <Name>System.Void TestProject.Program::.ctor()</Name>
              <SequencePoints />
              <BranchPoints />
              <MethodPoint vc="0" uspid="13" ordinal="0" offset="0" />
            </Method>
          </Methods>
        </Class>
        <Class>
          <Summary numSequencePoints="11" visitedSequencePoints="11" numBranchPoints="3" visitedBranchPoints="3" sequenceCoverage="100" branchCoverage="100" maxCyclomaticComplexity="1" minCyclomaticComplexity="1" visitedClasses="1" numClasses="1" visitedMethods="3" numMethods="3" />
          <FullName>TestProject.MathsHelper</FullName>
          <Methods>
            <Method visited="true" cyclomaticComplexity="1" nPathComplexity="0" sequenceCoverage="100" branchCoverage="100" isConstructor="true" isStatic="false" isGetter="false" isSetter="false">
              <Summary numSequencePoints="3" visitedSequencePoints="3" numBranchPoints="1" visitedBranchPoints="1" sequenceCoverage="100" branchCoverage="100" maxCyclomaticComplexity="1" minCyclomaticComplexity="1" visitedClasses="0" numClasses="0" visitedMethods="1" numMethods="1" />
              <MetadataToken>100663299</MetadataToken>
              <Name>System.Void TestProject.MathsHelper::.ctor()</Name>
              <FileRef uid="1" />
              <SequencePoints>
                <SequencePoint vc="2" uspid="14" ordinal="0" offset="0" sl="29" sc="9" el="29" ec="29" bec="0" bev="0" fileid="1" />
                <SequencePoint vc="2" uspid="15" ordinal="1" offset="7" sl="29" sc="30" el="29" ec="31" bec="0" bev="0" fileid="1" />
                <SequencePoint vc="2" uspid="16" ordinal="2" offset="8" sl="29" sc="32" el="29" ec="33" bec="0" bev="0" fileid="1" />
              </SequencePoints>
              <BranchPoints />
              <MethodPoint xsi:type="SequencePoint" vc="2" uspid="14" ordinal="0" offset="0" sl="29" sc="9" el="29" ec="29" bec="0" bev="0" fileid="1" />
            </Method>
            <Method visited="true" cyclomaticComplexity="1" nPathComplexity="0" sequenceCoverage="100" branchCoverage="100" isConstructor="false" isStatic="false" isGetter="false" isSetter="false">
              <Summary numSequencePoints="4" visitedSequencePoints="4" numBranchPoints="1" visitedBranchPoints="1" sequenceCoverage="100" branchCoverage="100" maxCyclomaticComplexity="1" minCyclomaticComplexity="1" visitedClasses="0" numClasses="0" visitedMethods="1" numMethods="1" />
              <MetadataToken>100663300</MetadataToken>
              <Name>System.Int32 TestProject.MathsHelper::Add(System.Int32,System.Int32)</Name>
              <FileRef uid="1" />
              <SequencePoints>
                <SequencePoint vc="1" uspid="17" ordinal="0" offset="0" sl="31" sc="9" el="31" ec="10" bec="0" bev="0" fileid="1" />
                <SequencePoint vc="1" uspid="18" ordinal="1" offset="1" sl="32" sc="13" el="32" ec="27" bec="0" bev="0" fileid="1" />
                <SequencePoint vc="1" uspid="19" ordinal="2" offset="5" sl="33" sc="13" el="33" ec="22" bec="0" bev="0" fileid="1" />
                <SequencePoint vc="1" uspid="20" ordinal="3" offset="9" sl="34" sc="9" el="34" ec="10" bec="0" bev="0" fileid="1" />
              </SequencePoints>
              <BranchPoints />
              <MethodPoint xsi:type="SequencePoint" vc="1" uspid="17" ordinal="0" offset="0" sl="31" sc="9" el="31" ec="10" bec="0" bev="0" fileid="1" />
            </Method>
            <Method visited="true" cyclomaticComplexity="1" nPathComplexity="0" sequenceCoverage="100" branchCoverage="100" isConstructor="false" isStatic="false" isGetter="false" isSetter="false">
              <Summary numSequencePoints="4" visitedSequencePoints="4" numBranchPoints="1" visitedBranchPoints="1" sequenceCoverage="100" branchCoverage="100" maxCyclomaticComplexity="1" minCyclomaticComplexity="1" visitedClasses="0" numClasses="0" visitedMethods="1" numMethods="1" />
              <MetadataToken>100663301</MetadataToken>
              <Name>System.Int32 TestProject.MathsHelper::Subtract(System.Int32,System.Int32)</Name>
              <FileRef uid="1" />
              <SequencePoints>
                <SequencePoint vc="1" uspid="21" ordinal="0" offset="0" sl="37" sc="9" el="37" ec="10" bec="0" bev="0" fileid="1" />
                <SequencePoint vc="1" uspid="22" ordinal="1" offset="1" sl="38" sc="13" el="38" ec="27" bec="0" bev="0" fileid="1" />
                <SequencePoint vc="1" uspid="23" ordinal="2" offset="5" sl="39" sc="13" el="39" ec="22" bec="0" bev="0" fileid="1" />
                <SequencePoint vc="1" uspid="24" ordinal="3" offset="9" sl="40" sc="9" el="40" ec="10" bec="0" bev="0" fileid="1" />
              </SequencePoints>
              <BranchPoints />
              <MethodPoint xsi:type="SequencePoint" vc="1" uspid="21" ordinal="0" offset="0" sl="37" sc="9" el="37" ec="10" bec="0" bev="0" fileid="1" />
            </Method>
          </Methods>
        </Class>
      </Classes>
    </Module>
  </Modules>
</CoverageSession>
